[2025-05-03 12:55:32 UTC] [WARNING] Security-related error detected | Context: {
    "ip": "127.0.0.1",
    "user_id": null,
    "type": "Exception",
    "message": "CSRF token validation failed",
    "file": "/cdrom/project/The-Scent-oa5/includes/SecurityMiddleware.php",
    "line": 276,
    "trace": "#0 /cdrom/project/The-Scent-oa5/index.php(43): SecurityMiddleware::validateCSRF()\n#1 {main}",
    "context": {
        "url": "/index.php?page=quiz&action=submit",
        "method": "POST",
        "ip": "127.0.0.1",
        "timestamp": "2025-05-03 12:55:32 UTC",
        "user_id": null
    }
}
[2025-05-03 12:55:32 UTC] [WARNING] Potentially security-related exception caught | Context: {
    "ip": "127.0.0.1",
    "user_id": null,
    "type": "Exception",
    "message": "CSRF token validation failed",
    "file": "/cdrom/project/The-Scent-oa5/includes/SecurityMiddleware.php",
    "line": 276,
    "trace": "#0 /cdrom/project/The-Scent-oa5/index.php(43): SecurityMiddleware::validateCSRF()\n#1 {main}",
    "context": {
        "url": "/index.php?page=quiz&action=submit",
        "method": "POST",
        "ip": "127.0.0.1",
        "timestamp": "2025-05-03 12:55:32 UTC",
        "user_id": null
    }
}
